[     106ms] [INFO] %cDownload the React DevTools for a better development experience: https://react.dev/link/react-devtools font-weight:bold @ http://localhost:3002/node_modules/.vite/deps/react-dom_client.js?v=a302d09b:20102
[     182ms] [ERROR] A tree hydrated but some attributes of the server rendered HTML didn't match the client properties. This won't be patched up. This can happen if a SSR-ed Client Component used:

- A server/client branch `if (typeof window !== 'undefined')`.
- Variable input such as `Date.now()` or `Math.random()` which changes each time it's called.
- Date formatting in a user's locale which doesn't match the server.
- External changing data without sending a snapshot of it along with the HTML.
- Invalid HTML tag nesting.

It can also happen if the client has a browser extension installed which messes with the HTML before React loaded.

%s%s https://react.dev/link/hydration-mismatch 

  ...
    <div ref={{...}} data-tsd-source="/src/lib/r...">
      <div className="min-h-scre..." data-tsd-source="/src/compo...">
        <header>
        <main className="relative o..." data-tsd-source="/src/compo...">
          <div>
          <div>
          <div className="relative m..." data-tsd-source="/src/compo...">
            <div>
            <div className="grid grid-..." data-tsd-source="/src/compo...">
              <section>
              <section className="flex flex-..." data-tsd-source="/src/compo...">
                <p>
                <div className="rounded-xl..." data-tsd-source="/src/compo...">
                  <div>
                  <div className="flex-1 ove..." data-tsd-source="/src/compo...">
                    <Suspense fallback={<div>} data-tsd-source="/src/compo...">
                      <AccordionPreview2 data-tsd-source="/src/compo...">
                        <PreviewCard title="Accordion" description="Click a he..." data-tsd-source="/src/compo...">
                          <div className="bg-landing..." data-tsd-source="/src/compo...">
                            <div>
                            <div className="p-5 flex i..." data-tsd-source="/src/compo...">
                              <div
                                className="w-full max-w-80 flex flex-col gap-2"
+                               data-tsd-source="/src/component-gallery/components/detail-previews/ui-previews.tsx:196:7"
-                               data-tsd-source="/src/component-gallery/components/detail-previews/ui-previews.tsx:193:7"
                              >
                                <AccordionItem2 title="What is re..." body="A React wr..." isOpen={true} ...>
                                  <div className="rounded-lg..." data-tsd-source="/src/compo...">
                                    <button>
                                    <Anime2 height={[...]} opacity={[...]} duration={320} ease="outExpo" autoplay={true} ...>
                                      <div
                                        ref={{current:null}}
+                                       data-tsd-source="/src/component-gallery/components/detail-previews/ui-previews..."
-                                       data-tsd-source="/src/component-gallery/components/detail-previews/ui-previews..."
                                        className="overflow-hidden"
                                      >
                                        <p
                                          className="px-3.5 pb-3 text-xs text-landing-muted leading-relaxed"
+                                         data-tsd-source="/src/component-gallery/components/detail-previews/ui-previe..."
-                                         data-tsd-source="/src/component-gallery/components/detail-previews/ui-previe..."
                                        >
+                                         A React wrapper around anime.js v4 — hooks-first, with declarative components...
                                <AccordionItem2 title="Do I need ..." body="Yes. Insta..." isOpen={false} ...>
                                  <div className="rounded-lg..." data-tsd-source="/src/compo...">
                                    <button>
                                    <Anime2 height={[...]} opacity={[...]} duration={320} ease="outExpo" autoplay={true} ...>
                                      <div
                                        ref={{current:null}}
+                                       data-tsd-source="/src/component-gallery/components/detail-previews/ui-previews..."
-                                       data-tsd-source="/src/component-gallery/components/detail-previews/ui-previews..."
                                        className="overflow-hidden"
                                      >
                                        <p
                                          className="px-3.5 pb-3 text-xs text-landing-muted leading-relaxed"
+                                         data-tsd-source="/src/component-gallery/components/detail-previews/ui-previe..."
-                                         data-tsd-source="/src/component-gallery/components/detail-previews/ui-previe..."
                                        >
+                                         Yes. Install animejs separately; this package wraps its primitives.
                                <AccordionItem2 title="Is it SSR-..." body="Hooks acce..." isOpen={false} ...>
                                  <div className="rounded-lg..." data-tsd-source="/src/compo...">
                                    <button>
                                    <Anime2 height={[...]} opacity={[...]} duration={320} ease="outExpo" autoplay={true} ...>
                                      <div
                                        ref={{current:null}}
+                                       data-tsd-source="/src/component-gallery/components/detail-previews/ui-previews..."
-                                       data-tsd-source="/src/component-gallery/components/detail-previews/ui-previews..."
                                        className="overflow-hidden"
                                      >
                                        <p
                                          className="px-3.5 pb-3 text-xs text-landing-muted leading-relaxed"
+                                         data-tsd-source="/src/component-gallery/components/detail-previews/ui-previe..."
-                                         data-tsd-source="/src/component-gallery/components/detail-previews/ui-previe..."
                                        >
+                                         Hooks access browser APIs inside effects, so they render safely on the server.
                ...
            ...
        ...
 @ http://localhost:3002/node_modules/.vite/deps/react-dom_client.js?v=a302d09b:4072
[  154146ms] [ERROR] %o

%s

%s
 ReferenceError: useLayoutEffect is not defined
    at AccordionItem2 (http://localhost:3002/src/component-gallery/components/detail-previews/ui-previews.tsx?t=1785262009190:307:3)
    at Object.react_stack_bottom_frame (http://localhost:3002/node_modules/.vite/deps/react-dom_client.js?v=a302d09b:18509:20)
    at renderWithHooks (http://localhost:3002/node_modules/.vite/deps/react-dom_client.js?v=a302d09b:5654:24)
    at updateFunctionComponent (http://localhost:3002/node_modules/.vite/deps/react-dom_client.js?v=a302d09b:7475:21)
    at updateSimpleMemoComponent (http://localhost:3002/node_modules/.vite/deps/react-dom_client.js?v=a302d09b:7264:16)
    at beginWork (http://localhost:3002/node_modules/.vite/deps/react-dom_client.js?v=a302d09b:8794:20)
    at runWithFiberInDEV (http://localhost:3002/node_modules/.vite/deps/react-dom_client.js?v=a302d09b:997:72)
    at performUnitOfWork (http://localhost:3002/node_modules/.vite/deps/react-dom_client.js?v=a302d09b:12561:98)
    at workLoopSync (http://localhost:3002/node_modules/.vite/deps/react-dom_client.js?v=a302d09b:12424:43)
    at renderRootSync (http://localhost:3002/node_modules/.vite/deps/react-dom_client.js?v=a302d09b:12408:13) The above error occurred in the <AccordionItem2> component. React will try to recreate this component tree from scratch using the error boundary you provided, CatchBoundaryImpl. @ http://localhost:3002/node_modules/.vite/deps/react-dom_client.js?v=a302d09b:7000
[  154148ms] [WARNING] Warning: The following error wasn't caught by any route! At the very least, consider setting an 'errorComponent' in your RootRoute! @ http://localhost:3002/node_modules/.pnpm/tiny-warning@1.0.3/node_modules/tiny-warning/dist/tiny-warning.esm.js?v=b4b1d6e6:8
[  154148ms] [WARNING] Warning: useLayoutEffect is not defined @ http://localhost:3002/node_modules/.pnpm/tiny-warning@1.0.3/node_modules/tiny-warning/dist/tiny-warning.esm.js?v=b4b1d6e6:8
[  154149ms] [ERROR] %o

%s

%s
 NotFoundError: Failed to execute 'removeChild' on 'Node': The node to be removed is not a child of this node.
    at removeChild (http://localhost:3002/node_modules/.vite/deps/react-dom_client.js?v=a302d09b:15918:24)
    at runWithFiberInDEV (http://localhost:3002/node_modules/.vite/deps/react-dom_client.js?v=a302d09b:997:72)
    at commitDeletionEffectsOnFiber (http://localhost:3002/node_modules/.vite/deps/react-dom_client.js?v=a302d09b:10190:19)
    at recursivelyTraverseDeletionEffects (http://localhost:3002/node_modules/.vite/deps/react-dom_client.js?v=a302d09b:10115:11)
    at commitDeletionEffectsOnFiber (http://localhost:3002/node_modules/.vite/deps/react-dom_client.js?v=a302d09b:10237:13)
    at recursivelyTraverseDeletionEffects (http://localhost:3002/node_modules/.vite/deps/react-dom_client.js?v=a302d09b:10115:11)
    at commitDeletionEffectsOnFiber (http://localhost:3002/node_modules/.vite/deps/react-dom_client.js?v=a302d09b:10237:13)
    at recursivelyTraverseDeletionEffects (http://localhost:3002/node_modules/.vite/deps/react-dom_client.js?v=a302d09b:10115:11)
    at commitDeletionEffectsOnFiber (http://localhost:3002/node_modules/.vite/deps/react-dom_client.js?v=a302d09b:10146:13)
    at recursivelyTraverseDeletionEffects (http://localhost:3002/node_modules/.vite/deps/react-dom_client.js?v=a302d09b:10115:11) The above error occurred in the <link> component. React will try to recreate this component tree from scratch using the error boundary you provided, CatchBoundaryImpl. @ http://localhost:3002/node_modules/.vite/deps/react-dom_client.js?v=a302d09b:7000
[  154149ms] [WARNING] Warning: The following error wasn't caught by any route! At the very least, consider setting an 'errorComponent' in your RootRoute! @ http://localhost:3002/node_modules/.pnpm/tiny-warning@1.0.3/node_modules/tiny-warning/dist/tiny-warning.esm.js?v=b4b1d6e6:8
[  154149ms] [WARNING] Warning: Failed to execute 'removeChild' on 'Node': The node to be removed is not a child of this node. @ http://localhost:3002/node_modules/.pnpm/tiny-warning@1.0.3/node_modules/tiny-warning/dist/tiny-warning.esm.js?v=b4b1d6e6:8
[  180811ms] [ERROR] WebSocket connection to 'ws://localhost:3002/?token=vhXMxL2A3U1g' failed:  @ http://localhost:3002/@vite/client:744
[  180811ms] [LOG] [vite] server connection lost. Polling for restart... @ http://localhost:3002/@vite/client:864
[  185877ms] [INFO] %cDownload the React DevTools for a better development experience: https://react.dev/link/react-devtools font-weight:bold @ http://localhost:3002/node_modules/.vite/deps/react-dom_client.js?v=4ec98978:20102
