[     125ms] [INFO] %cDownload the React DevTools for a better development experience: https://react.dev/link/react-devtools font-weight:bold @ http://localhost:3002/node_modules/.vite/deps/react-dom_client.js?v=3b746ab2:20102
[     225ms] [ERROR] A tree hydrated but some attributes of the server rendered HTML didn't match the client properties. This won't be patched up. This can happen if a SSR-ed Client Component used:

- A server/client branch `if (typeof window !== 'undefined')`.
- Variable input such as `Date.now()` or `Math.random()` which changes each time it's called.
- Date formatting in a user's locale which doesn't match the server.
- External changing data without sending a snapshot of it along with the HTML.
- Invalid HTML tag nesting.

It can also happen if the client has a browser extension installed which messes with the HTML before React loaded.

%s%s https://react.dev/link/hydration-mismatch 

  ...
    <div ref={{...}} data-tsd-source="/src/lib/r...">
      <div className="min-h-scre..." data-tsd-source="/src/compo...">
        <header>
        <main className="relative o..." data-tsd-source="/src/compo...">
          <div>
          <div>
          <div className="relative m..." data-tsd-source="/src/compo...">
            <div>
            <div className="grid grid-..." data-tsd-source="/src/compo...">
              <section>
              <section className="flex flex-..." data-tsd-source="/src/compo...">
                <p>
                <div className="rounded-xl..." data-tsd-source="/src/compo...">
                  <div>
                  <div className="flex-1 ove..." data-tsd-source="/src/compo...">
                    <Suspense fallback={<div>} data-tsd-source="/src/compo...">
                      <AccordionPreview2 data-tsd-source="/src/compo...">
                        <PreviewCard title="Accordion" description="Click a he..." data-tsd-source="/src/compo...">
                          <div className="bg-landing..." data-tsd-source="/src/compo...">
                            <div>
                            <div className="p-5 flex i..." data-tsd-source="/src/compo...">
                              <div
                                className="w-full max-w-80 flex flex-col gap-2"
+                               data-tsd-source="/src/component-gallery/components/detail-previews/ui-previews.tsx:188:7"
-                               data-tsd-source="/src/component-gallery/components/detail-previews/ui-previews.tsx:185:7"
                              >
                                <AccordionItem2 title="What is re..." body="A React wr..." isOpen={true} ...>
                                  <div className="rounded-lg..." data-tsd-source="/src/compo...">
                                    <button>
                                    <AnimePresence mode="sync" initial={false} data-tsd-source="/src/compo...">
                                      <AnimatedChild isPresent={true} enter={undefined} exit={{opacity:[...], ...}} ...>
                                        <div
                                          className="overflow-hidden"
+                                         data-tsd-source="/src/component-gallery/components/detail-previews/ui-previe..."
-                                         data-tsd-source="/src/component-gallery/components/detail-previews/ui-previe..."
                                          ref={function ref}
                                          style={undefined}
                                        >
                                          <p
                                            className="px-3.5 pb-3 text-xs text-landing-muted leading-relaxed"
+                                           data-tsd-source="/src/component-gallery/components/detail-previews/ui-prev..."
-                                           data-tsd-source="/src/component-gallery/components/detail-previews/ui-prev..."
                                          >
+                                           A React wrapper around anime.js v4 — hooks-first, with declarative componen...
                                ...
                ...
            ...
        ...
 @ http://localhost:3002/node_modules/.vite/deps/react-dom_client.js?v=3b746ab2:4072
[   33983ms] [INFO] %cDownload the React DevTools for a better development experience: https://react.dev/link/react-devtools font-weight:bold @ http://localhost:3002/node_modules/.vite/deps/react-dom_client.js?v=3b746ab2:20102
[   34061ms] [ERROR] A tree hydrated but some attributes of the server rendered HTML didn't match the client properties. This won't be patched up. This can happen if a SSR-ed Client Component used:

- A server/client branch `if (typeof window !== 'undefined')`.
- Variable input such as `Date.now()` or `Math.random()` which changes each time it's called.
- Date formatting in a user's locale which doesn't match the server.
- External changing data without sending a snapshot of it along with the HTML.
- Invalid HTML tag nesting.

It can also happen if the client has a browser extension installed which messes with the HTML before React loaded.

%s%s https://react.dev/link/hydration-mismatch 

  ...
    <div ref={{...}} data-tsd-source="/src/lib/r...">
      <div className="min-h-scre..." data-tsd-source="/src/compo...">
        <header>
        <main className="relative o..." data-tsd-source="/src/compo...">
          <div>
          <div>
          <div className="relative m..." data-tsd-source="/src/compo...">
            <div>
            <div className="grid grid-..." data-tsd-source="/src/compo...">
              <section>
              <section className="flex flex-..." data-tsd-source="/src/compo...">
                <p>
                <div className="rounded-xl..." data-tsd-source="/src/compo...">
                  <div>
                  <div className="flex-1 ove..." data-tsd-source="/src/compo...">
                    <Suspense fallback={<div>} data-tsd-source="/src/compo...">
                      <AccordionPreview2 data-tsd-source="/src/compo...">
                        <PreviewCard title="Accordion" description="Click a he..." data-tsd-source="/src/compo...">
                          <div className="bg-landing..." data-tsd-source="/src/compo...">
                            <div>
                            <div className="p-5 flex i..." data-tsd-source="/src/compo...">
                              <div
                                className="w-full max-w-80 flex flex-col gap-2"
+                               data-tsd-source="/src/component-gallery/components/detail-previews/ui-previews.tsx:188:7"
-                               data-tsd-source="/src/component-gallery/components/detail-previews/ui-previews.tsx:185:7"
                              >
                                <AccordionItem2 title="What is re..." body="A React wr..." isOpen={true} ...>
                                  <div className="rounded-lg..." data-tsd-source="/src/compo...">
                                    <button>
                                    <AnimePresence mode="sync" initial={false} data-tsd-source="/src/compo...">
                                      <AnimatedChild isPresent={true} enter={undefined} exit={{opacity:[...], ...}} ...>
                                        <div
                                          className="overflow-hidden"
+                                         data-tsd-source="/src/component-gallery/components/detail-previews/ui-previe..."
-                                         data-tsd-source="/src/component-gallery/components/detail-previews/ui-previe..."
                                          ref={function ref}
                                          style={undefined}
                                        >
                                          <p
                                            className="px-3.5 pb-3 text-xs text-landing-muted leading-relaxed"
+                                           data-tsd-source="/src/component-gallery/components/detail-previews/ui-prev..."
-                                           data-tsd-source="/src/component-gallery/components/detail-previews/ui-prev..."
                                          >
+                                           A React wrapper around anime.js v4 — hooks-first, with declarative componen...
                                ...
                ...
            ...
        ...
 @ http://localhost:3002/node_modules/.vite/deps/react-dom_client.js?v=3b746ab2:4072
