[     122ms] [INFO] %cDownload the React DevTools for a better development experience: https://react.dev/link/react-devtools font-weight:bold @ http://localhost:3002/node_modules/.vite/deps/react-dom_client.js?v=a0101deb:20102
[     203ms] [ERROR] A tree hydrated but some attributes of the server rendered HTML didn't match the client properties. This won't be patched up. This can happen if a SSR-ed Client Component used:

- A server/client branch `if (typeof window !== 'undefined')`.
- Variable input such as `Date.now()` or `Math.random()` which changes each time it's called.
- Date formatting in a user's locale which doesn't match the server.
- External changing data without sending a snapshot of it along with the HTML.
- Invalid HTML tag nesting.

It can also happen if the client has a browser extension installed which messes with the HTML before React loaded.

%s%s https://react.dev/link/hydration-mismatch 

  ...
    <ComponentGalleryShell data-tsd-source="/src/compo...">
      <AnimeProvider data-tsd-source="/src/compo...">
        <div ref={{...}} data-tsd-source="/src/lib/r...">
          <div className="min-h-scre..." data-tsd-source="/src/compo...">
            <header>
            <main className="relative o..." data-tsd-source="/src/compo...">
              <div>
              <div>
              <div className="relative m..." data-tsd-source="/src/compo...">
                <div>
                <div className="grid grid-..." data-tsd-source="/src/compo...">
                  <section>
                  <section className="flex flex-..." data-tsd-source="/src/compo...">
                    <p>
                    <div className="rounded-xl..." data-tsd-source="/src/compo...">
                      <div>
                      <div className="flex-1 ove..." data-tsd-source="/src/compo...">
                        <Suspense fallback={<div>} data-tsd-source="/src/compo...">
                          <DropdownMenuPreview2 data-tsd-source="/src/compo...">
                            <PreviewCard title="Dropdown Menu" description="Click the ..." overflow="visible" ...>
                              <div
+                               className="bg-landing-bg/80 border border-landing-border rounded-xl overflow-visible"
-                               className="bg-landing-bg/80 border border-landing-border rounded-xl overflow-hidden"
+                               data-tsd-source="/src/component-gallery/components/detail-previews/shared.tsx:74:5"
-                               data-tsd-source="/src/component-gallery/components/detail-previews/shared.tsx:71:5"
                              >
                                <div
                                  className="flex items-center justify-between px-4 py-2.5 border-b border-landing-border"
+                                 data-tsd-source="/src/component-gallery/components/detail-previews/shared.tsx:77:7"
-                                 data-tsd-source="/src/component-gallery/components/detail-previews/shared.tsx:72:7"
                                >
                                  <div
+                                   data-tsd-source="/src/component-gallery/components/detail-previews/shared.tsx:78:9"
-                                   data-tsd-source="/src/component-gallery/components/detail-previews/shared.tsx:73:9"
                                  >
                                    <span
                                      className="landing-font-display text-sm text-landing-fg"
+                                     data-tsd-source="/src/component-gallery/components/detail-previews/shared.tsx:79:11"
-                                     data-tsd-source="/src/component-gallery/components/detail-previews/shared.tsx:74:11"
                                    >
+                                     Dropdown Menu
                                    <span
                                      className="ml-2 text-[11px] text-landing-muted"
+                                     data-tsd-source="/src/component-gallery/components/detail-previews/shared.tsx:81:13"
-                                     data-tsd-source="/src/component-gallery/components/detail-previews/shared.tsx:76:13"
                                    >
+                                     Click the trigger
                                  <div
                                    className="flex gap-1.5"
+                                   data-tsd-source="/src/component-gallery/components/detail-previews/shared.tsx:84:22"
-                                   data-tsd-source="/src/component-gallery/components/detail-previews/shared.tsx:79:22"
                                  >
                                <div
                                  className="p-5 flex items-center justify-center min-h-40"
+                                 data-tsd-source="/src/component-gallery/components/detail-previews/shared.tsx:86:7"
-                                 data-tsd-source="/src/component-gallery/components/detail-previews/shared.tsx:81:7"
                                >
                                  <div
                                    ref={{current:null}}
                                    className="relative flex items-center justify-center py-6"
+                                   data-tsd-source="/src/component-gallery/components/detail-previews/ui-previews.tsx..."
-                                   data-tsd-source="/src/component-gallery/components/detail-previews/ui-previews.tsx..."
                                  >
                                    <button
                                      onClick={function t6}
                                      className="px-4 py-2 rounded-lg border border-landing-border bg-landing-surface ..."
+                                     data-tsd-source="/src/component-gallery/components/detail-previews/ui-previews.t..."
-                                     data-tsd-source="/src/component-gallery/components/detail-previews/ui-previews.t..."
                                    >
                                      <span
                                        className="text-landing-muted text-xs"
+                                       data-tsd-source="/src/component-gallery/components/detail-previews/ui-previews..."
-                                       data-tsd-source="/src/component-gallery/components/detail-previews/ui-previews..."
                                      >
+                                       ▼
                                    ...
                    ...
                ...
            ...
 @ http://localhost:3002/node_modules/.vite/deps/react-dom_client.js?v=a0101deb:4072
