[     330ms] [INFO] %cDownload the React DevTools for a better development experience: https://react.dev/link/react-devtools font-weight:bold @ http://localhost:3002/node_modules/.vite/deps/react-dom_client.js?v=a302d09b:20102
[  249187ms] [ERROR] %o

%s

%s
 ReferenceError: useLayoutEffect is not defined
    at AccordionItem2 (http://localhost:3002/src/component-gallery/components/detail-previews/ui-previews.tsx?t=1785262009190:307:3)
    at Object.react_stack_bottom_frame (http://localhost:3002/node_modules/.vite/deps/react-dom_client.js?v=a302d09b:18509:20)
    at renderWithHooks (http://localhost:3002/node_modules/.vite/deps/react-dom_client.js?v=a302d09b:5654:24)
    at updateFunctionComponent (http://localhost:3002/node_modules/.vite/deps/react-dom_client.js?v=a302d09b:7475:21)
    at updateSimpleMemoComponent (http://localhost:3002/node_modules/.vite/deps/react-dom_client.js?v=a302d09b:7264:16)
    at beginWork (http://localhost:3002/node_modules/.vite/deps/react-dom_client.js?v=a302d09b:8794:20)
    at runWithFiberInDEV (http://localhost:3002/node_modules/.vite/deps/react-dom_client.js?v=a302d09b:997:72)
    at performUnitOfWork (http://localhost:3002/node_modules/.vite/deps/react-dom_client.js?v=a302d09b:12561:98)
    at workLoopSync (http://localhost:3002/node_modules/.vite/deps/react-dom_client.js?v=a302d09b:12424:43)
    at renderRootSync (http://localhost:3002/node_modules/.vite/deps/react-dom_client.js?v=a302d09b:12408:13) The above error occurred in the <AccordionItem2> component. React will try to recreate this component tree from scratch using the error boundary you provided, CatchBoundaryImpl. @ http://localhost:3002/node_modules/.vite/deps/react-dom_client.js?v=a302d09b:7000
[  249188ms] [WARNING] Warning: The following error wasn't caught by any route! At the very least, consider setting an 'errorComponent' in your RootRoute! @ http://localhost:3002/node_modules/.pnpm/tiny-warning@1.0.3/node_modules/tiny-warning/dist/tiny-warning.esm.js?v=b4b1d6e6:8
[  249189ms] [WARNING] Warning: useLayoutEffect is not defined @ http://localhost:3002/node_modules/.pnpm/tiny-warning@1.0.3/node_modules/tiny-warning/dist/tiny-warning.esm.js?v=b4b1d6e6:8
[  249190ms] [ERROR] %o

%s

%s
 NotFoundError: Failed to execute 'removeChild' on 'Node': The node to be removed is not a child of this node.
    at removeChild (http://localhost:3002/node_modules/.vite/deps/react-dom_client.js?v=a302d09b:15918:24)
    at runWithFiberInDEV (http://localhost:3002/node_modules/.vite/deps/react-dom_client.js?v=a302d09b:997:72)
    at commitDeletionEffectsOnFiber (http://localhost:3002/node_modules/.vite/deps/react-dom_client.js?v=a302d09b:10190:19)
    at recursivelyTraverseDeletionEffects (http://localhost:3002/node_modules/.vite/deps/react-dom_client.js?v=a302d09b:10115:11)
    at commitDeletionEffectsOnFiber (http://localhost:3002/node_modules/.vite/deps/react-dom_client.js?v=a302d09b:10237:13)
    at recursivelyTraverseDeletionEffects (http://localhost:3002/node_modules/.vite/deps/react-dom_client.js?v=a302d09b:10115:11)
    at commitDeletionEffectsOnFiber (http://localhost:3002/node_modules/.vite/deps/react-dom_client.js?v=a302d09b:10237:13)
    at recursivelyTraverseDeletionEffects (http://localhost:3002/node_modules/.vite/deps/react-dom_client.js?v=a302d09b:10115:11)
    at commitDeletionEffectsOnFiber (http://localhost:3002/node_modules/.vite/deps/react-dom_client.js?v=a302d09b:10146:13)
    at recursivelyTraverseDeletionEffects (http://localhost:3002/node_modules/.vite/deps/react-dom_client.js?v=a302d09b:10115:11) The above error occurred in the <link> component. React will try to recreate this component tree from scratch using the error boundary you provided, CatchBoundaryImpl. @ http://localhost:3002/node_modules/.vite/deps/react-dom_client.js?v=a302d09b:7000
[  249190ms] [WARNING] Warning: The following error wasn't caught by any route! At the very least, consider setting an 'errorComponent' in your RootRoute! @ http://localhost:3002/node_modules/.pnpm/tiny-warning@1.0.3/node_modules/tiny-warning/dist/tiny-warning.esm.js?v=b4b1d6e6:8
[  249191ms] [WARNING] Warning: Failed to execute 'removeChild' on 'Node': The node to be removed is not a child of this node. @ http://localhost:3002/node_modules/.pnpm/tiny-warning@1.0.3/node_modules/tiny-warning/dist/tiny-warning.esm.js?v=b4b1d6e6:8
[  275852ms] [ERROR] WebSocket connection to 'ws://localhost:3002/?token=vhXMxL2A3U1g' failed:  @ http://localhost:3002/@vite/client:744
[  275852ms] [LOG] [vite] server connection lost. Polling for restart... @ http://localhost:3002/@vite/client:864
[  281011ms] [INFO] %cDownload the React DevTools for a better development experience: https://react.dev/link/react-devtools font-weight:bold @ http://localhost:3002/node_modules/.vite/deps/react-dom_client.js?v=4ec98978:20102
[  376617ms] [ERROR] WebSocket connection to 'ws://localhost:3002/?token=PHkXRhVNNHxu' failed:  @ http://localhost:3002/@vite/client:744
[  376617ms] [LOG] [vite] server connection lost. Polling for restart... @ http://localhost:3002/@vite/client:864
[  381731ms] [INFO] %cDownload the React DevTools for a better development experience: https://react.dev/link/react-devtools font-weight:bold @ http://localhost:3002/node_modules/.vite/deps/react-dom_client.js?v=821a3d58:20102
[  905212ms] [ERROR] %o

%s

%s
 Error: Element type is invalid: expected a string (for built-in components) or a class/function (for composite components) but got: undefined. You likely forgot to export your component from the file it's defined in, or you might have mixed up default and named imports.

Check the render method of `GalleryPreview2`.
    at createFiberFromTypeAndProps (http://localhost:3002/node_modules/.vite/deps/react-dom_client.js?v=821a3d58:3741:30)
    at createFiberFromElement (http://localhost:3002/node_modules/.vite/deps/react-dom_client.js?v=821a3d58:3754:16)
    at reconcileChildFibersImpl (http://localhost:3002/node_modules/.vite/deps/react-dom_client.js?v=821a3d58:5120:248)
    at http://localhost:3002/node_modules/.vite/deps/react-dom_client.js?v=821a3d58:5237:35
    at reconcileChildren (http://localhost:3002/node_modules/.vite/deps/react-dom_client.js?v=821a3d58:7182:53)
    at beginWork (http://localhost:3002/node_modules/.vite/deps/react-dom_client.js?v=821a3d58:8701:104)
    at runWithFiberInDEV (http://localhost:3002/node_modules/.vite/deps/react-dom_client.js?v=821a3d58:997:72)
    at performUnitOfWork (http://localhost:3002/node_modules/.vite/deps/react-dom_client.js?v=821a3d58:12561:98)
    at workLoopSync (http://localhost:3002/node_modules/.vite/deps/react-dom_client.js?v=821a3d58:12424:43)
    at renderRootSync (http://localhost:3002/node_modules/.vite/deps/react-dom_client.js?v=821a3d58:12408:13) The above error occurred in the <div> component. React will try to recreate this component tree from scratch using the error boundary you provided, CatchBoundaryImpl. @ http://localhost:3002/node_modules/.vite/deps/react-dom_client.js?v=821a3d58:7000
[  905213ms] [WARNING] Warning: The following error wasn't caught by any route! At the very least, consider setting an 'errorComponent' in your RootRoute! @ http://localhost:3002/node_modules/.pnpm/tiny-warning@1.0.3/node_modules/tiny-warning/dist/tiny-warning.esm.js?v=408bc27c:8
[  905213ms] [WARNING] Warning: Element type is invalid: expected a string (for built-in components) or a class/function (for composite components) but got: undefined. You likely forgot to export your component from the file it's defined in, or you might have mixed up default and named imports.

Check the render method of `GalleryPreview2`. @ http://localhost:3002/node_modules/.pnpm/tiny-warning@1.0.3/node_modules/tiny-warning/dist/tiny-warning.esm.js?v=408bc27c:8
[  905215ms] [ERROR] %o

%s

%s
 NotFoundError: Failed to execute 'removeChild' on 'Node': The node to be removed is not a child of this node.
    at removeChild (http://localhost:3002/node_modules/.vite/deps/react-dom_client.js?v=821a3d58:15918:24)
    at runWithFiberInDEV (http://localhost:3002/node_modules/.vite/deps/react-dom_client.js?v=821a3d58:997:72)
    at commitDeletionEffectsOnFiber (http://localhost:3002/node_modules/.vite/deps/react-dom_client.js?v=821a3d58:10190:19)
    at recursivelyTraverseDeletionEffects (http://localhost:3002/node_modules/.vite/deps/react-dom_client.js?v=821a3d58:10115:11)
    at commitDeletionEffectsOnFiber (http://localhost:3002/node_modules/.vite/deps/react-dom_client.js?v=821a3d58:10237:13)
    at recursivelyTraverseDeletionEffects (http://localhost:3002/node_modules/.vite/deps/react-dom_client.js?v=821a3d58:10115:11)
    at commitDeletionEffectsOnFiber (http://localhost:3002/node_modules/.vite/deps/react-dom_client.js?v=821a3d58:10237:13)
    at recursivelyTraverseDeletionEffects (http://localhost:3002/node_modules/.vite/deps/react-dom_client.js?v=821a3d58:10115:11)
    at commitDeletionEffectsOnFiber (http://localhost:3002/node_modules/.vite/deps/react-dom_client.js?v=821a3d58:10146:13)
    at recursivelyTraverseDeletionEffects (http://localhost:3002/node_modules/.vite/deps/react-dom_client.js?v=821a3d58:10115:11) The above error occurred in the <link> component. React will try to recreate this component tree from scratch using the error boundary you provided, CatchBoundaryImpl. @ http://localhost:3002/node_modules/.vite/deps/react-dom_client.js?v=821a3d58:7000
[  905215ms] [WARNING] Warning: The following error wasn't caught by any route! At the very least, consider setting an 'errorComponent' in your RootRoute! @ http://localhost:3002/node_modules/.pnpm/tiny-warning@1.0.3/node_modules/tiny-warning/dist/tiny-warning.esm.js?v=408bc27c:8
[  905215ms] [WARNING] Warning: Failed to execute 'removeChild' on 'Node': The node to be removed is not a child of this node. @ http://localhost:3002/node_modules/.pnpm/tiny-warning@1.0.3/node_modules/tiny-warning/dist/tiny-warning.esm.js?v=408bc27c:8
[  912623ms] [ERROR] %o

%s

%s
 Error: Element type is invalid: expected a string (for built-in components) or a class/function (for composite components) but got: undefined. You likely forgot to export your component from the file it's defined in, or you might have mixed up default and named imports.

Check the render method of `GalleryPreview2`.
    at createFiberFromTypeAndProps (http://localhost:3002/node_modules/.vite/deps/react-dom_client.js?v=821a3d58:3741:30)
    at createFiberFromElement (http://localhost:3002/node_modules/.vite/deps/react-dom_client.js?v=821a3d58:3754:16)
    at reconcileChildFibersImpl (http://localhost:3002/node_modules/.vite/deps/react-dom_client.js?v=821a3d58:5120:248)
    at http://localhost:3002/node_modules/.vite/deps/react-dom_client.js?v=821a3d58:5237:35
    at reconcileChildren (http://localhost:3002/node_modules/.vite/deps/react-dom_client.js?v=821a3d58:7182:53)
    at beginWork (http://localhost:3002/node_modules/.vite/deps/react-dom_client.js?v=821a3d58:8701:104)
    at runWithFiberInDEV (http://localhost:3002/node_modules/.vite/deps/react-dom_client.js?v=821a3d58:997:72)
    at performUnitOfWork (http://localhost:3002/node_modules/.vite/deps/react-dom_client.js?v=821a3d58:12561:98)
    at workLoopSync (http://localhost:3002/node_modules/.vite/deps/react-dom_client.js?v=821a3d58:12424:43)
    at renderRootSync (http://localhost:3002/node_modules/.vite/deps/react-dom_client.js?v=821a3d58:12408:13) The above error occurred in the <div> component. React will try to recreate this component tree from scratch using the error boundary you provided, CatchBoundaryImpl. @ http://localhost:3002/node_modules/.vite/deps/react-dom_client.js?v=821a3d58:7000
[  912623ms] [WARNING] Warning: The following error wasn't caught by any route! At the very least, consider setting an 'errorComponent' in your RootRoute! @ http://localhost:3002/node_modules/.pnpm/tiny-warning@1.0.3/node_modules/tiny-warning/dist/tiny-warning.esm.js?v=408bc27c:8
[  912624ms] [WARNING] Warning: Element type is invalid: expected a string (for built-in components) or a class/function (for composite components) but got: undefined. You likely forgot to export your component from the file it's defined in, or you might have mixed up default and named imports.

Check the render method of `GalleryPreview2`. @ http://localhost:3002/node_modules/.pnpm/tiny-warning@1.0.3/node_modules/tiny-warning/dist/tiny-warning.esm.js?v=408bc27c:8
[  948893ms] [ERROR] %o

%s

%s
 Error: Element type is invalid: expected a string (for built-in components) or a class/function (for composite components) but got: undefined. You likely forgot to export your component from the file it's defined in, or you might have mixed up default and named imports.

Check the render method of `GalleryPreview2`.
    at createFiberFromTypeAndProps (http://localhost:3002/node_modules/.vite/deps/react-dom_client.js?v=821a3d58:3741:30)
    at createFiberFromElement (http://localhost:3002/node_modules/.vite/deps/react-dom_client.js?v=821a3d58:3754:16)
    at reconcileChildFibersImpl (http://localhost:3002/node_modules/.vite/deps/react-dom_client.js?v=821a3d58:5120:248)
    at http://localhost:3002/node_modules/.vite/deps/react-dom_client.js?v=821a3d58:5237:35
    at reconcileChildren (http://localhost:3002/node_modules/.vite/deps/react-dom_client.js?v=821a3d58:7182:53)
    at beginWork (http://localhost:3002/node_modules/.vite/deps/react-dom_client.js?v=821a3d58:8701:104)
    at runWithFiberInDEV (http://localhost:3002/node_modules/.vite/deps/react-dom_client.js?v=821a3d58:997:72)
    at performUnitOfWork (http://localhost:3002/node_modules/.vite/deps/react-dom_client.js?v=821a3d58:12561:98)
    at workLoopSync (http://localhost:3002/node_modules/.vite/deps/react-dom_client.js?v=821a3d58:12424:43)
    at renderRootSync (http://localhost:3002/node_modules/.vite/deps/react-dom_client.js?v=821a3d58:12408:13) The above error occurred in the <div> component. React will try to recreate this component tree from scratch using the error boundary you provided, CatchBoundaryImpl. @ http://localhost:3002/node_modules/.vite/deps/react-dom_client.js?v=821a3d58:7000
[  948893ms] [WARNING] Warning: The following error wasn't caught by any route! At the very least, consider setting an 'errorComponent' in your RootRoute! @ http://localhost:3002/node_modules/.pnpm/tiny-warning@1.0.3/node_modules/tiny-warning/dist/tiny-warning.esm.js?v=408bc27c:8
[  948894ms] [WARNING] Warning: Element type is invalid: expected a string (for built-in components) or a class/function (for composite components) but got: undefined. You likely forgot to export your component from the file it's defined in, or you might have mixed up default and named imports.

Check the render method of `GalleryPreview2`. @ http://localhost:3002/node_modules/.pnpm/tiny-warning@1.0.3/node_modules/tiny-warning/dist/tiny-warning.esm.js?v=408bc27c:8
[  969951ms] [ERROR] [vite] ReferenceError: AccordionPresenceCardPreview is not defined
    at http://localhost:3002/src/component-gallery/components/gallery-preview.tsx?t=1785262730048:888:25 @ http://localhost:3002/@vite/client:808
[  969951ms] [ERROR] [vite] Failed to reload /src/component-gallery/components/gallery-preview.tsx. This could be due to syntax errors or importing non-existent modules. (see errors above) @ http://localhost:3002/@vite/client:808
[ 1069240ms] [ERROR] WebSocket connection to 'ws://localhost:3002/?token=k6jXrrJ7vxch' failed:  @ http://localhost:3002/@vite/client:744
[ 1069240ms] [LOG] [vite] server connection lost. Polling for restart... @ http://localhost:3002/@vite/client:864
[ 1074311ms] [INFO] %cDownload the React DevTools for a better development experience: https://react.dev/link/react-devtools font-weight:bold @ http://localhost:3002/node_modules/.vite/deps/react-dom_client.js?v=6d8a4757:20102
[ 1283660ms] [ERROR] WebSocket connection to 'ws://localhost:3002/?token=4H2Yn_LTziWH' failed:  @ http://localhost:3002/@vite/client:744
[ 1283660ms] [LOG] [vite] server connection lost. Polling for restart... @ http://localhost:3002/@vite/client:864
[ 1289177ms] [INFO] %cDownload the React DevTools for a better development experience: https://react.dev/link/react-devtools font-weight:bold @ http://localhost:3002/node_modules/.vite/deps/react-dom_client.js?v=fcc126fc:20102
[ 1484583ms] [ERROR] WebSocket connection to 'ws://localhost:3002/?token=ec9RwQVd9lo6' failed:  @ http://localhost:3002/@vite/client:744
[ 1484583ms] [LOG] [vite] server connection lost. Polling for restart... @ http://localhost:3002/@vite/client:864
[ 1489755ms] [INFO] %cDownload the React DevTools for a better development experience: https://react.dev/link/react-devtools font-weight:bold @ http://localhost:3002/node_modules/.vite/deps/react-dom_client.js?v=7d9d2534:20102
[ 1612782ms] [ERROR] WebSocket connection to 'ws://localhost:3002/?token=wWK65TflK9ir' failed:  @ http://localhost:3002/@vite/client:744
[ 1612782ms] [LOG] [vite] server connection lost. Polling for restart... @ http://localhost:3002/@vite/client:864
[ 1617977ms] [INFO] %cDownload the React DevTools for a better development experience: https://react.dev/link/react-devtools font-weight:bold @ http://localhost:3002/node_modules/.vite/deps/react-dom_client.js?v=c0f434b9:20102
