[     100ms] [INFO] %cDownload the React DevTools for a better development experience: https://react.dev/link/react-devtools font-weight:bold @ http://localhost:3002/node_modules/.vite/deps/react-dom_client.js?v=3b746ab2:20102
[     204ms] Error: Hydration failed because the server rendered text didn't match the client. As a result this tree will be regenerated on the client. This can happen if a SSR-ed Client Component used:

- A server/client branch `if (typeof window !== 'undefined')`.
- Variable input such as `Date.now()` or `Math.random()` which changes each time it's called.
- Date formatting in a user's locale which doesn't match the server.
- External changing data without sending a snapshot of it along with the HTML.
- Invalid HTML tag nesting.

It can also happen if the client has a browser extension installed which messes with the HTML before React loaded.

https://react.dev/link/hydration-mismatch

  ...
    <div className="min-h-scre..." data-tsd-source="/src/compo...">
      <header>
      <main className="relative o..." data-tsd-source="/src/compo...">
        <div>
        <div>
        <div className="relative m..." data-tsd-source="/src/compo...">
          <div>
          <div className="grid grid-..." data-tsd-source="/src/compo...">
            <section className="flex flex-col" data-tsd-source="/src/compo...">
              <h1>
              <div>
              <div>
              <div className="rounded-xl..." data-tsd-source="/src/compo...">
                <div className="p-5 overfl..." data-tsd-source="/src/compo...">
                  <CodeBlock2 code={"// Slidi..."} data-tsd-source="/src/compo...">
                    <Highlight2 theme={{...}} code={"// Slidi..."} language="jsx" data-tsd-source="/src/compo...">
                      <Highlight theme={{...}} code={"// Slidi..."} language="jsx" data-tsd-source="/src/compo..." ...>
                        <div className="code-block..." data-tsd-source="/src/compo...">
                          <table className="code-block..." data-tsd-source="/src/compo...">
                            <tbody data-tsd-source="/src/compo...">
                              <tr className="code-block..." onMouseEnter={function onMouseEnter} ...>
                                <td>
                                <td className="code-block..." data-tsd-source="/src/compo...">
                                  <span
                                    className="cb-tok-comment"
                                    data-tsd-source="/src/component-gallery/components/code-block.tsx:100:29"
                                  >
+                                   {"// Sliding underline — <Anime> tweens the indicator on each tab change."}
-                                   // Sliding underline
                                  ...
                              ...
            ...
          ...
      ...

    at throwOnHydrationMismatch (http://localhost:3002/node_modules/.vite/deps/react-dom_client.js?v=3b746ab2:3920:13)
    at prepareToHydrateHostInstance (http://localhost:3002/node_modules/.vite/deps/react-dom_client.js?v=3b746ab2:3994:23)
    at completeWork (http://localhost:3002/node_modules/.vite/deps/react-dom_client.js?v=3b746ab2:8999:17)
    at runWithFiberInDEV (http://localhost:3002/node_modules/.vite/deps/react-dom_client.js?v=3b746ab2:997:72)
    at completeUnitOfWork (http://localhost:3002/node_modules/.vite/deps/react-dom_client.js?v=3b746ab2:12669:22)
    at performUnitOfWork (http://localhost:3002/node_modules/.vite/deps/react-dom_client.js?v=3b746ab2:12575:29)
    at workLoopConcurrentByScheduler (http://localhost:3002/node_modules/.vite/deps/react-dom_client.js?v=3b746ab2:12557:11)
    at renderRootConcurrent (http://localhost:3002/node_modules/.vite/deps/react-dom_client.js?v=3b746ab2:12539:71)
    at performWorkOnRoot (http://localhost:3002/node_modules/.vite/deps/react-dom_client.js?v=3b746ab2:11766:152)
    at performWorkOnRootViaSchedulerTask (http://localhost:3002/node_modules/.vite/deps/react-dom_client.js?v=3b746ab2:13505:9)
[    8659ms] [INFO] %cDownload the React DevTools for a better development experience: https://react.dev/link/react-devtools font-weight:bold @ http://localhost:3002/node_modules/.vite/deps/react-dom_client.js?v=3b746ab2:20102
[    8729ms] Error: Hydration failed because the server rendered text didn't match the client. As a result this tree will be regenerated on the client. This can happen if a SSR-ed Client Component used:

- A server/client branch `if (typeof window !== 'undefined')`.
- Variable input such as `Date.now()` or `Math.random()` which changes each time it's called.
- Date formatting in a user's locale which doesn't match the server.
- External changing data without sending a snapshot of it along with the HTML.
- Invalid HTML tag nesting.

It can also happen if the client has a browser extension installed which messes with the HTML before React loaded.

https://react.dev/link/hydration-mismatch

  ...
    <div className="min-h-scre..." data-tsd-source="/src/compo...">
      <header>
      <main className="relative o..." data-tsd-source="/src/compo...">
        <div>
        <div>
        <div className="relative m..." data-tsd-source="/src/compo...">
          <div>
          <div className="grid grid-..." data-tsd-source="/src/compo...">
            <section className="flex flex-col" data-tsd-source="/src/compo...">
              <h1>
              <div>
              <div>
              <div className="rounded-xl..." data-tsd-source="/src/compo...">
                <div className="p-5 overfl..." data-tsd-source="/src/compo...">
                  <CodeBlock2 code={"// Slidi..."} data-tsd-source="/src/compo...">
                    <Highlight2 theme={{...}} code={"// Slidi..."} language="jsx" data-tsd-source="/src/compo...">
                      <Highlight theme={{...}} code={"// Slidi..."} language="jsx" data-tsd-source="/src/compo..." ...>
                        <div className="code-block..." data-tsd-source="/src/compo...">
                          <table className="code-block..." data-tsd-source="/src/compo...">
                            <tbody data-tsd-source="/src/compo...">
                              <tr className="code-block..." onMouseEnter={function onMouseEnter} ...>
                                <td>
                                <td className="code-block..." data-tsd-source="/src/compo...">
                                  <span
                                    className="cb-tok-comment"
                                    data-tsd-source="/src/component-gallery/components/code-block.tsx:100:29"
                                  >
+                                   {"// Sliding underline — <Anime> tweens the indicator on each tab change."}
-                                   // Sliding underline
                                  ...
                              ...
            ...
          ...
      ...

    at throwOnHydrationMismatch (http://localhost:3002/node_modules/.vite/deps/react-dom_client.js?v=3b746ab2:3920:13)
    at prepareToHydrateHostInstance (http://localhost:3002/node_modules/.vite/deps/react-dom_client.js?v=3b746ab2:3994:23)
    at completeWork (http://localhost:3002/node_modules/.vite/deps/react-dom_client.js?v=3b746ab2:8999:17)
    at runWithFiberInDEV (http://localhost:3002/node_modules/.vite/deps/react-dom_client.js?v=3b746ab2:997:72)
    at completeUnitOfWork (http://localhost:3002/node_modules/.vite/deps/react-dom_client.js?v=3b746ab2:12669:22)
    at performUnitOfWork (http://localhost:3002/node_modules/.vite/deps/react-dom_client.js?v=3b746ab2:12575:29)
    at workLoopConcurrentByScheduler (http://localhost:3002/node_modules/.vite/deps/react-dom_client.js?v=3b746ab2:12557:11)
    at renderRootConcurrent (http://localhost:3002/node_modules/.vite/deps/react-dom_client.js?v=3b746ab2:12539:71)
    at performWorkOnRoot (http://localhost:3002/node_modules/.vite/deps/react-dom_client.js?v=3b746ab2:11766:152)
    at performWorkOnRootViaSchedulerTask (http://localhost:3002/node_modules/.vite/deps/react-dom_client.js?v=3b746ab2:13505:9)
[  361965ms] [ERROR] Failed to load resource: the server responded with a status of 500 (Internal Server Error) @ http://localhost:3002/src/component-gallery/components/detail-previews/ui-previews.tsx?t=1785261245591:0
[  361965ms] [ERROR] [vite] Failed to reload /src/component-gallery/components/detail-previews/ui-previews.tsx. This could be due to syntax errors or importing non-existent modules. (see errors above) @ http://localhost:3002/@vite/client:808
[  374362ms] [ERROR] [vite] Failed to reload /src/component-gallery/components/component-detail-page.tsx. This could be due to syntax errors or importing non-existent modules. (see errors above) @ http://localhost:3002/@vite/client:808
[  374362ms] [INFO] [hmr] /src/routes/demos.$componentId.tsx?tsr-split=component failed to apply HMR as it's within a circular import. Reloading page to reset the execution order. To debug and break the circular import, you can run `vite --debug hmr` to log the circular dependency path if a file change triggered it. @ http://localhost:3002/@vite/client:817
[  374362ms] [ERROR] [vite] Failed to reload /src/routes/demos.$componentId.tsx?tsr-split=component. This could be due to syntax errors or importing non-existent modules. (see errors above) @ http://localhost:3002/@vite/client:808
[  374482ms] [INFO] %cDownload the React DevTools for a better development experience: https://react.dev/link/react-devtools font-weight:bold @ http://localhost:3002/node_modules/.vite/deps/react-dom_client.js?v=3b746ab2:20102
[  374525ms] [ERROR] Failed to load resource: the server responded with a status of 500 (Internal Server Error) @ http://localhost:3002/src/component-gallery/components/detail-previews/ui-previews.tsx?t=1785261245591:0
[  374587ms] [INFO] %cDownload the React DevTools for a better development experience: https://react.dev/link/react-devtools font-weight:bold @ http://localhost:3002/node_modules/.vite/deps/react-dom_client.js?v=3b746ab2:20102
[  374616ms] [ERROR] Failed to load resource: the server responded with a status of 500 (Internal Server Error) @ http://localhost:3002/src/component-gallery/components/detail-previews/ui-previews.tsx?t=1785261245591:0
[  374624ms] [ERROR] %o

%s

%s
 TypeError: Failed to fetch dynamically imported module: http://localhost:3002/src/routes/demos.$componentId.tsx?t=1785261257971&tsr-split=component The above error occurred in the <Lazy> component. React will try to recreate this component tree from scratch using the error boundary you provided, CatchBoundaryImpl. @ http://localhost:3002/node_modules/.vite/deps/react-dom_client.js?v=3b746ab2:7000
[  374624ms] [WARNING] Warning: The following error wasn't caught by any route! At the very least, consider setting an 'errorComponent' in your RootRoute! @ http://localhost:3002/node_modules/.pnpm/tiny-warning@1.0.3/node_modules/tiny-warning/dist/tiny-warning.esm.js?v=f253538d:8
[  374624ms] [WARNING] Warning: Failed to fetch dynamically imported module: http://localhost:3002/src/routes/demos.$componentId.tsx?t=1785261257971&tsr-split=component @ http://localhost:3002/node_modules/.pnpm/tiny-warning@1.0.3/node_modules/tiny-warning/dist/tiny-warning.esm.js?v=f253538d:8
[  394911ms] [INFO] %cDownload the React DevTools for a better development experience: https://react.dev/link/react-devtools font-weight:bold @ http://localhost:3002/node_modules/.vite/deps/react-dom_client.js?v=3b746ab2:20102
[  395183ms] Error: Hydration failed because the server rendered text didn't match the client. As a result this tree will be regenerated on the client. This can happen if a SSR-ed Client Component used:

- A server/client branch `if (typeof window !== 'undefined')`.
- Variable input such as `Date.now()` or `Math.random()` which changes each time it's called.
- Date formatting in a user's locale which doesn't match the server.
- External changing data without sending a snapshot of it along with the HTML.
- Invalid HTML tag nesting.

It can also happen if the client has a browser extension installed which messes with the HTML before React loaded.

https://react.dev/link/hydration-mismatch

  ...
    <div className="min-h-scre..." data-tsd-source="/src/compo...">
      <header>
      <main className="relative o..." data-tsd-source="/src/compo...">
        <div>
        <div>
        <div className="relative m..." data-tsd-source="/src/compo...">
          <div>
          <div className="grid grid-..." data-tsd-source="/src/compo...">
            <section className="flex flex-col" data-tsd-source="/src/compo...">
              <h1>
              <div>
              <div>
              <div className="rounded-xl..." data-tsd-source="/src/compo...">
                <div className="p-5 overfl..." data-tsd-source="/src/compo...">
                  <CodeBlock2 code={"// Slidi..."} data-tsd-source="/src/compo...">
                    <Highlight2 theme={{...}} code={"// Slidi..."} language="jsx" data-tsd-source="/src/compo...">
                      <Highlight theme={{...}} code={"// Slidi..."} language="jsx" data-tsd-source="/src/compo..." ...>
                        <div className="code-block..." data-tsd-source="/src/compo...">
                          <table className="code-block..." data-tsd-source="/src/compo...">
                            <tbody data-tsd-source="/src/compo...">
                              <tr className="code-block..." onMouseEnter={function onMouseEnter} ...>
                                <td>
                                <td className="code-block..." data-tsd-source="/src/compo...">
                                  <span
                                    className="cb-tok-comment"
                                    data-tsd-source="/src/component-gallery/components/code-block.tsx:100:29"
                                  >
+                                   {"// Sliding underline — <Anime> tweens the indicator on each tab change."}
-                                   // Sliding underline
                                  ...
                              ...
            ...
          ...
      ...

    at throwOnHydrationMismatch (http://localhost:3002/node_modules/.vite/deps/react-dom_client.js?v=3b746ab2:3920:13)
    at prepareToHydrateHostInstance (http://localhost:3002/node_modules/.vite/deps/react-dom_client.js?v=3b746ab2:3994:23)
    at completeWork (http://localhost:3002/node_modules/.vite/deps/react-dom_client.js?v=3b746ab2:8999:17)
    at runWithFiberInDEV (http://localhost:3002/node_modules/.vite/deps/react-dom_client.js?v=3b746ab2:997:72)
    at completeUnitOfWork (http://localhost:3002/node_modules/.vite/deps/react-dom_client.js?v=3b746ab2:12669:22)
    at performUnitOfWork (http://localhost:3002/node_modules/.vite/deps/react-dom_client.js?v=3b746ab2:12575:29)
    at workLoopConcurrentByScheduler (http://localhost:3002/node_modules/.vite/deps/react-dom_client.js?v=3b746ab2:12557:11)
    at renderRootConcurrent (http://localhost:3002/node_modules/.vite/deps/react-dom_client.js?v=3b746ab2:12539:71)
    at performWorkOnRoot (http://localhost:3002/node_modules/.vite/deps/react-dom_client.js?v=3b746ab2:11766:152)
    at performWorkOnRootViaSchedulerTask (http://localhost:3002/node_modules/.vite/deps/react-dom_client.js?v=3b746ab2:13505:9)
[  411775ms] [LOG] [vite] server connection lost. Polling for restart... @ http://localhost:3002/@vite/client:864
