[     108ms] [INFO] %cDownload the React DevTools for a better development experience: https://react.dev/link/react-devtools font-weight:bold @ http://localhost:3002/node_modules/.vite/deps/react-dom_client.js?v=0aa92a05:20102
[     181ms] [ERROR] A tree hydrated but some attributes of the server rendered HTML didn't match the client properties. This won't be patched up. This can happen if a SSR-ed Client Component used:

- A server/client branch `if (typeof window !== 'undefined')`.
- Variable input such as `Date.now()` or `Math.random()` which changes each time it's called.
- Date formatting in a user's locale which doesn't match the server.
- External changing data without sending a snapshot of it along with the HTML.
- Invalid HTML tag nesting.

It can also happen if the client has a browser extension installed which messes with the HTML before React loaded.

%s%s https://react.dev/link/hydration-mismatch 

  ...
    <div ref={{...}} data-tsd-source="/src/lib/r...">
      <div className="min-h-scre..." data-tsd-source="/src/compo...">
        <header>
        <main className="relative o..." data-tsd-source="/src/compo...">
          <div>
          <div>
          <div className="relative m..." data-tsd-source="/src/compo...">
            <div>
            <div className="grid grid-..." data-tsd-source="/src/compo...">
              <section>
              <section className="flex flex-..." data-tsd-source="/src/compo...">
                <p>
                <div className="rounded-xl..." data-tsd-source="/src/compo...">
                  <div>
                  <div className="flex-1 ove..." data-tsd-source="/src/compo...">
                    <Suspense fallback={<div>} data-tsd-source="/src/compo...">
                      <AccordionPreview2 data-tsd-source="/src/compo...">
                        <PreviewCard title="Accordion" description="Click a he..." data-tsd-source="/src/compo...">
                          <div className="bg-landing..." data-tsd-source="/src/compo...">
                            <div>
                            <div className="p-5 flex i..." data-tsd-source="/src/compo...">
                              <div
                                className="w-full max-w-80 flex flex-col gap-2"
+                               data-tsd-source="/src/component-gallery/components/detail-previews/ui-previews.tsx:201:7"
-                               data-tsd-source="/src/component-gallery/components/detail-previews/ui-previews.tsx:185:7"
                              >
                                <AccordionItem2 title="What is re..." body="A React wr..." isOpen={true} ...>
                                  <div
                                    className="rounded-lg border border-landing-border bg-landing-surface/40 overflow-..."
+                                   data-tsd-source="/src/component-gallery/components/detail-previews/ui-previews.tsx..."
-                                   data-tsd-source="/src/component-gallery/components/detail-previews/ui-previews.tsx..."
                                  >
                                    <button
                                      onClick={function onToggle}
                                      aria-expanded={true}
                                      className="w-full flex items-center justify-between px-3.5 py-2.5 text-left"
+                                     data-tsd-source="/src/component-gallery/components/detail-previews/ui-previews.t..."
-                                     data-tsd-source="/src/component-gallery/components/detail-previews/ui-previews.t..."
                                    >
                                      <span
                                        className="text-sm text-landing-fg"
+                                       data-tsd-source="/src/component-gallery/components/detail-previews/ui-previews..."
-                                       data-tsd-source="/src/component-gallery/components/detail-previews/ui-previews..."
                                      >
+                                       What is react-animejs?
                                      <span
                                        className="landing-font-mono text-xs text-landing-muted transition-transform d..."
+                                       data-tsd-source="/src/component-gallery/components/detail-previews/ui-previews..."
-                                       data-tsd-source="/src/component-gallery/components/detail-previews/ui-previews..."
                                      >
+                                       ▼
                                    <div
                                      ref={{current:null}}
+                                     style={{height:0}}
-                                     style={{height:"auto"}}
                                      className="overflow-hidden"
+                                     data-tsd-source="/src/component-gallery/components/detail-previews/ui-previews.t..."
-                                     data-tsd-source="/src/component-gallery/components/detail-previews/ui-previews.t..."
                                    >
                                      <div
                                        ref={{current:null}}
+                                       data-tsd-source="/src/component-gallery/components/detail-previews/ui-previews..."
-                                       data-tsd-source="/src/component-gallery/components/detail-previews/ui-previews..."
                                      >
                                        <p
                                          className="px-3.5 pb-3 text-xs text-landing-muted leading-relaxed"
+                                         data-tsd-source="/src/component-gallery/components/detail-previews/ui-previe..."
-                                         data-tsd-source="/src/component-gallery/components/detail-previews/ui-previe..."
                                        >
+                                         A React wrapper around anime.js v4 — hooks-first, with declarative components...
                                <AccordionItem2 title="Do I need ..." body="Yes. Insta..." isOpen={false} ...>
                                  <div
                                    className="rounded-lg border border-landing-border bg-landing-surface/40 overflow-..."
+                                   data-tsd-source="/src/component-gallery/components/detail-previews/ui-previews.tsx..."
-                                   data-tsd-source="/src/component-gallery/components/detail-previews/ui-previews.tsx..."
                                  >
                                    <button
                                      onClick={function onToggle}
                                      aria-expanded={false}
                                      className="w-full flex items-center justify-between px-3.5 py-2.5 text-left"
+                                     data-tsd-source="/src/component-gallery/components/detail-previews/ui-previews.t..."
-                                     data-tsd-source="/src/component-gallery/components/detail-previews/ui-previews.t..."
                                    >
                                      <span
                                        className="text-sm text-landing-fg"
+                                       data-tsd-source="/src/component-gallery/components/detail-previews/ui-previews..."
-                                       data-tsd-source="/src/component-gallery/components/detail-previews/ui-previews..."
                                      >
+                                       Do I need anime.js installed?
                                      <span
                                        className="landing-font-mono text-xs text-landing-muted transition-transform d..."
+                                       data-tsd-source="/src/component-gallery/components/detail-previews/ui-previews..."
-                                       data-tsd-source="/src/component-gallery/components/detail-previews/ui-previews..."
                                      >
+                                       ▼
                                    <div
                                      ref={{current:null}}
                                      style={{height:0}}
                                      className="overflow-hidden"
+                                     data-tsd-source="/src/component-gallery/components/detail-previews/ui-previews.t..."
-                                     data-tsd-source="/src/component-gallery/components/detail-previews/ui-previews.t..."
                                    >
                                      <div
                                        ref={{current:null}}
+                                       data-tsd-source="/src/component-gallery/components/detail-previews/ui-previews..."
-                                       data-tsd-source="/src/component-gallery/components/detail-previews/ui-previews..."
                                      >
                                        <p
                                          className="px-3.5 pb-3 text-xs text-landing-muted leading-relaxed"
+                                         data-tsd-source="/src/component-gallery/components/detail-previews/ui-previe..."
-                                         data-tsd-source="/src/component-gallery/components/detail-previews/ui-previe..."
                                        >
+                                         Yes. Install animejs separately; this package wraps its primitives.
                                <AccordionItem2 title="Is it SSR-..." body="Hooks acce..." isOpen={false} ...>
                                  <div
                                    className="rounded-lg border border-landing-border bg-landing-surface/40 overflow-..."
+                                   data-tsd-source="/src/component-gallery/components/detail-previews/ui-previews.tsx..."
-                                   data-tsd-source="/src/component-gallery/components/detail-previews/ui-previews.tsx..."
                                  >
                                    <button
                                      onClick={function onToggle}
                                      aria-expanded={false}
                                      className="w-full flex items-center justify-between px-3.5 py-2.5 text-left"
+                                     data-tsd-source="/src/component-gallery/components/detail-previews/ui-previews.t..."
-                                     data-tsd-source="/src/component-gallery/components/detail-previews/ui-previews.t..."
                                    >
                                      <span
                                        className="text-sm text-landing-fg"
+                                       data-tsd-source="/src/component-gallery/components/detail-previews/ui-previews..."
-                                       data-tsd-source="/src/component-gallery/components/detail-previews/ui-previews..."
                                      >
+                                       Is it SSR-safe?
                                      <span
                                        className="landing-font-mono text-xs text-landing-muted transition-transform d..."
+                                       data-tsd-source="/src/component-gallery/components/detail-previews/ui-previews..."
-                                       data-tsd-source="/src/component-gallery/components/detail-previews/ui-previews..."
                                      >
+                                       ▼
                                    <div
                                      ref={{current:null}}
                                      style={{height:0}}
                                      className="overflow-hidden"
+                                     data-tsd-source="/src/component-gallery/components/detail-previews/ui-previews.t..."
-                                     data-tsd-source="/src/component-gallery/components/detail-previews/ui-previews.t..."
                                    >
                                      <div
                                        ref={{current:null}}
+                                       data-tsd-source="/src/component-gallery/components/detail-previews/ui-previews..."
-                                       data-tsd-source="/src/component-gallery/components/detail-previews/ui-previews..."
                                      >
                                        <p
                                          className="px-3.5 pb-3 text-xs text-landing-muted leading-relaxed"
+                                         data-tsd-source="/src/component-gallery/components/detail-previews/ui-previe..."
-                                         data-tsd-source="/src/component-gallery/components/detail-previews/ui-previe..."
                                        >
+                                         Hooks access browser APIs inside effects, so they render safely on the server.
                ...
            ...
        ...
 @ http://localhost:3002/node_modules/.vite/deps/react-dom_client.js?v=0aa92a05:4072
[   11962ms] [LOG] [vite] server connection lost. Polling for restart... @ http://localhost:3002/@vite/client:864
